
=========================================
EMAIL DISPATCH (MOCK TRANSIT)
To: Sandhya Jogale <jogalesandhya50@gmail.com>
Subject: 🚨 EMERGENCY: New SIGHTING Pet Alert in Your Area!
-----------------------------------------
Hi Sandhya Jogale,

A new animal alert has been reported within 0.30 km of your alert zone!

Type: SIGHTING
Title: Golden Retriever (Golden Retriever)
Location: Near Kristu Jayanti Main Gate
Coordinates: [13.06000000, 77.64400000]
Details: Condition: Healthy but wandering. Collar: Red collar. Size: Medium. Gender: Male. Notes: Very friendly, was trying to cross the street safely.. Reporter: Test Testerson (999-999-9999)

Click here to view full details and map coordinates:
http://localhost:3000/pet/5f5694c9-2819-4619-b244-472a28752f0d

If you have any sightings or information, please post a report or contact details immediately!
-----------------------------------------
PawPrint Alert System - Community Vigilance Saves Lives 🐾
=========================================


=========================================
EMAIL DISPATCH (MOCK TRANSIT)
To: Sandhya Jogale <jogalesandhya50@gmail.com>
Subject: 🚨 EMERGENCY: New SIGHTING Pet Alert in Your Area!
-----------------------------------------
Hi Sandhya Jogale,

A new animal alert has been reported within 1.04 km of your alert zone!

Type: SIGHTING
Title: Indi Dog (Indi Dog)
Location: Arkavathy Layout 20th Block, Geddalahalli, K Narayanapura, Bengaluru East City Corporation, Bengaluru, Bangalore East, Bengaluru Urban, Karnataka, 560077, India
Coordinates: [13.04867440, 77.64301360]
Details: Condition: Healthy. Collar: Yes. Size: Medium. Gender: Not Sure. Notes: . Reporter: Anonymous (No phone)

Click here to view full details and map coordinates:
http://localhost:3000/pet/3b07fddc-4676-4976-8c01-ee3e17f37776

If you have any sightings or information, please post a report or contact details immediately!
-----------------------------------------
PawPrint Alert System - Community Vigilance Saves Lives 🐾
=========================================


=========================================
EMAIL DISPATCH (MOCK TRANSIT)
To: Sandhya Jogale <jogalesandhya50@gmail.com>
Subject: 🚨 EMERGENCY: New LOST Pet Alert in Your Area!
-----------------------------------------
Hi Sandhya Jogale,

A new animal alert has been reported within 0.01 km of your alert zone!

Type: LOST
Title: leo (golden retriver)
Location: Kristu Jayanti University, K. Narayanapura Main Road, LBS Nagar, K Narayanapura, Bengaluru East City Corporation, Bengaluru, Bangalore East, Bengaluru Urban, Karnataka, 560077, India
Coordinates: [13.05797437, 77.64224181]
Details: Type: Dog. Color: brown. Size: Medium. Gender: Male. Features: . Reward: . Notes: 

Click here to view full details and map coordinates:
http://localhost:3000/pet/e25baf0e-70b4-4533-a1e1-36a973205b66

If you have any sightings or information, please post a report or contact details immediately!
-----------------------------------------
PawPrint Alert System - Community Vigilance Saves Lives 🐾
=========================================


=========================================
EMAIL DISPATCH (MOCK TRANSIT)
To: Sandhya Jogale <jogalesandhya50@gmail.com>
Subject: 🚨 EMERGENCY: New LOST Pet Alert in Your Area!
-----------------------------------------
Hi Sandhya Jogale,

A new animal alert has been reported within 0.01 km of your alert zone!

Type: LOST
Title: max (golden retriver)
Location: Kristu Jayanti University, K. Narayanapura Main Road, LBS Nagar, K Narayanapura, Bengaluru East City Corporation, Bengaluru, Bangalore East, Bengaluru Urban, Karnataka, 560077, India
Coordinates: [13.05797376, 77.64224147]
Details: Type: Dog. Color: brown. Size: Medium. Gender: Male. Features: . Reward: . Notes: 

Click here to view full details and map coordinates:
http://localhost:3000/pet/ed432aa8-66ab-4482-97ac-0a1f4f8b402f

If you have any sightings or information, please post a report or contact details immediately!
-----------------------------------------
PawPrint Alert System - Community Vigilance Saves Lives 🐾
=========================================


=========================================
EMAIL DISPATCH (SMART MATCH)
To: Vidya <vidyayadav@gmail.com>
Subject: 🚨 SMART MATCH: Potential match for your SIGHTING report!
-----------------------------------------
Hi Vidya,

Our system found a new LOST report that might be related to your report "Shih Tzu"!
This new report is located just 0.05 km away.

New Report Details:
Type: LOST
Title: max (golden retriver)
Location: Kristu Jayanti University, K. Narayanapura Main Road, LBS Nagar, K Narayanapura, Bengaluru East City Corporation, Bengaluru, Bangalore East, Bengaluru Urban, Karnataka, 560077, India

Click here to view the potential match:
http://localhost:3000/pet/ed432aa8-66ab-4482-97ac-0a1f4f8b402f
-----------------------------------------
PawPrint Alert System - Community Vigilance Saves Lives 🐾
=========================================


=========================================
EMAIL DISPATCH (SMART MATCH)
To: Vidya <vidyayadav@gmail.com>
Subject: 🚨 SMART MATCH: Potential match for your SIGHTING report!
-----------------------------------------
Hi Vidya,

Our system found a new LOST report that might be related to your report "Indi Dog"!
This new report is located just 0.00 km away.

New Report Details:
Type: LOST
Title: max (golden retriver)
Location: Kristu Jayanti University, K. Narayanapura Main Road, LBS Nagar, K Narayanapura, Bengaluru East City Corporation, Bengaluru, Bangalore East, Bengaluru Urban, Karnataka, 560077, India

Click here to view the potential match:
http://localhost:3000/pet/ed432aa8-66ab-4482-97ac-0a1f4f8b402f
-----------------------------------------
PawPrint Alert System - Community Vigilance Saves Lives 🐾
=========================================


=========================================
EMAIL DISPATCH (SMART MATCH)
To: Sandhya Jogale <jogalesandhya50@gmail.com>
Subject: 🚨 SMART MATCH: Potential match for your SIGHTING report!
-----------------------------------------
Hi Sandhya Jogale,

Our system found a new LOST report that might be related to your report "Golden Retriever"!
This new report is located just 0.30 km away.

New Report Details:
Type: LOST
Title: max (golden retriver)
Location: Kristu Jayanti University, K. Narayanapura Main Road, LBS Nagar, K Narayanapura, Bengaluru East City Corporation, Bengaluru, Bangalore East, Bengaluru Urban, Karnataka, 560077, India

Click here to view the potential match:
http://localhost:3000/pet/ed432aa8-66ab-4482-97ac-0a1f4f8b402f
-----------------------------------------
PawPrint Alert System - Community Vigilance Saves Lives 🐾
=========================================

